
Memory Configuration

Name             Origin             Length             Attributes
*default*        0x0000000000000000 0xffffffffffffffff

Linker script and memory map

                0x0000000000010000                kernel_start = 0x10000
                0x0000000000000400                kernel_ram_start = 0x400
                0x0000000000010000                . = kernel_start

.text           0x0000000000010000      0x400
 *(.text)
 .text          0x0000000000010000        0x8 boot.o
 .text          0x0000000000010008       0x14 kernel.o
                0x0000000000010008                _kpokeb
                0x0000000000010012                _kpokew
 .text          0x000000000001001c        0x8 kinit.o
                0x000000000001001c                _kinit
 .text          0x0000000000010024      0x178 kmain.o
                0x0000000000010024                _kmain
 *(.rodata)
                0x0000000000010400                . = ALIGN (0x400)
 *fill*         0x000000000001019c      0x264 
                0x0000000000010400                _etext = .

.data           0x0000000000000400        0x4 load address 0x0000000000010400
                0x0000000000000400                _data = .
 *(.data)
 .data          0x0000000000000400        0x0 boot.o
 .data          0x0000000000000400        0x0 kernel.o
 .data          0x0000000000000400        0x0 kinit.o
 .data          0x0000000000000400        0x4 kmain.o
                0x0000000000000404                _edata = .

.bss            0x0000000000000404        0x4 load address 0x0000000000010404
                0x0000000000000404                _bss = .
 *(COMMON)
 *(.bss)
 .bss           0x0000000000000404        0x0 boot.o
 .bss           0x0000000000000404        0x0 kernel.o
 .bss           0x0000000000000404        0x0 kinit.o
 .bss           0x0000000000000404        0x4 kmain.o
                0x0000000000000408                _bssend = .
LOAD boot.o
LOAD kernel.o
LOAD kinit.o
LOAD kmain.o
OUTPUT(unpatched_kernel.bin binary)
